../Drivers/CMSIS/Include/core_cm3.h:1876:26:ITM_SendChar	16	static,ignoring_inline_asm
../Core/Src/main.c:64:6:init_weight	152	static
../Core/Src/main.c:102:6:delay2_ms	16	static
../Core/Src/main.c:109:6:delay4_ms	16	static
../Core/Src/main.c:118:6:SI_func	16	static
../Core/Src/main.c:127:6:ignition	8	static
../Core/Src/main.c:138:5:main	24	static
../Core/Src/main.c:230:6:SystemClock_Config	72	static
../Core/Src/main.c:267:13:MX_SPI1_Init	8	static
../Core/Src/main.c:305:13:MX_TIM2_Init	32	static
../Core/Src/main.c:350:13:MX_TIM4_Init	32	static
../Core/Src/main.c:395:13:MX_USART2_UART_Init	8	static
../Core/Src/main.c:428:13:MX_GPIO_Init	40	static
../Core/Src/main.c:467:5:__io_putchar	16	static
../Core/Src/main.c:471:6:process_SD_card	8416	static
../Core/Src/main.c:543:6:Error_Handler	4	static,ignoring_inline_asm
